PDB Generation from CSV Log:
==================================================
SUCCESS: 3P75_NEW_ID_Added -> 2096 atoms generated in PDB format
SUCCESS: 3E5S_NEW_ID_Added -> 4206 atoms generated in PDB format
SUCCESS: 2RDF_NEW_ID_Added -> 2394 atoms generated in PDB format
SUCCESS: 3D4D_NEW_ID_Added -> 4188 atoms generated in PDB format
SUCCESS: 3D6C_NEW_ID_Added -> 2388 atoms generated in PDB format
SUCCESS: 3ERO_NEW_ID_Added -> 2096 atoms generated in PDB format
SUCCESS: 5I6Y_NEW_ID_Added -> 2105 atoms generated in PDB format
SUCCESS: 3HZX_NEW_ID_Added -> 2106 atoms generated in PDB format
SUCCESS: 5I6W_NEW_ID_Added -> 2102 atoms generated in PDB format
SUCCESS: 3C1F_NEW_ID_Added -> 2106 atoms generated in PDB format
SUCCESS: 2OEO_NEW_ID_Added -> 2056 atoms generated in PDB format
SUCCESS: 2KIX_NEW_ID_Added -> 2228 atoms generated in PDB format
SUCCESS: 3RUZ_NEW_ID_Added -> 2106 atoms generated in PDB format
SUCCESS: 1PRW_NEW_ID_Added -> 2263 atoms generated in PDB format
SUCCESS: 4KY6_NEW_ID_Added -> 2093 atoms generated in PDB format
SUCCESS: 4BYA_NEW_ID_Added -> 1163 atoms generated in PDB format
SUCCESS: 5JAV_NEW_ID_Added -> 2091 atoms generated in PDB format
SUCCESS: 3QOJ_NEW_ID_Added -> 2106 atoms generated in PDB format
SUCCESS: 4EQP_NEW_ID_Added -> 2093 atoms generated in PDB format
SUCCESS: 4KY7_NEW_ID_Added -> 2155 atoms generated in PDB format
SUCCESS: 8I41_NEW_ID_Added -> 25520 atoms generated in PDB format
SUCCESS: 5EGT_NEW_ID_Added -> 2099 atoms generated in PDB format
SUCCESS: 5ISR_NEW_ID_Added -> 2096 atoms generated in PDB format
SUCCESS: 4YIJ_NEW_ID_Added -> 4362 atoms generated in PDB format
SUCCESS: 4HMJ_NEW_ID_Added -> 2093 atoms generated in PDB format
SUCCESS: 2QDB_NEW_ID_Added -> 2401 atoms generated in PDB format
SUCCESS: 5E3F_NEW_ID_Added -> 2103 atoms generated in PDB format
SUCCESS: 4KY5_NEW_ID_Added -> 2096 atoms generated in PDB format
SUCCESS: 3TP7_NEW_ID_Added -> 2099 atoms generated in PDB format
SUCCESS: 6EEG_NEW_ID_Added -> 2101 atoms generated in PDB format
SUCCESS: 1QT8_NEW_ID_Added -> 2650 atoms generated in PDB format
SUCCESS: 3SK5_NEW_ID_Added -> 2096 atoms generated in PDB format
SUCCESS: 3BDC_NEW_ID_Added -> 2100 atoms generated in PDB format
SUCCESS: 5KIX_NEW_ID_Added -> 2096 atoms generated in PDB format
SUCCESS: 2V8N_NEW_ID_Added -> 13262 atoms generated in PDB format
SUCCESS: 7XJD_NEW_ID_Added -> 3615 atoms generated in PDB format
SUCCESS: 3TP8_NEW_ID_Added -> 2096 atoms generated in PDB format
SUCCESS: 3EJI_NEW_ID_Added -> 2125 atoms generated in PDB format
SUCCESS: 1VII_NEW_ID_Added -> 596 atoms generated in PDB format
SUCCESS: 3C1E_NEW_ID_Added -> 2140 atoms generated in PDB format
SUCCESS: 5E1F_NEW_ID_Added -> 2108 atoms generated in PDB format
SUCCESS: 1EY7_NEW_ID_Added -> 2398 atoms generated in PDB format
SUCCESS: 1LE2_NEW_ID_Added -> 2352 atoms generated in PDB format
SUCCESS: 3EVQ_NEW_ID_Added -> 2096 atoms generated in PDB format
SUCCESS: 5KGU_NEW_ID_Added -> 2098 atoms generated in PDB format
SUCCESS: 2RBM_NEW_ID_Added -> 2125 atoms generated in PDB format
SUCCESS: 4HMI_NEW_ID_Added -> 2128 atoms generated in PDB format
SUCCESS: 1L98_NEW_ID_Added -> 2642 atoms generated in PDB format
SUCCESS: 5IIF_NEW_ID_Added -> 2098 atoms generated in PDB format
SUCCESS: 3ITP_NEW_ID_Added -> 2102 atoms generated in PDB format
SUCCESS: 3H6M_NEW_ID_Added -> 2099 atoms generated in PDB format
SUCCESS: 8UOZ_NEW_ID_Added -> 3442 atoms generated in PDB format
SUCCESS: 5DEH_NEW_ID_Added -> 2098 atoms generated in PDB format
SUCCESS: 3ERQ_NEW_ID_Added -> 2103 atoms generated in PDB format
SUCCESS: 2RVQ_NEW_ID_Added -> 4148 atoms generated in PDB format
SUCCESS: 3DMU_NEW_ID_Added -> 2400 atoms generated in PDB format
SUCCESS: 3QOL_NEW_ID_Added -> 2099 atoms generated in PDB format
SUCCESS: 5J1Z_NEW_ID_Added -> 2102 atoms generated in PDB format
SUCCESS: 1BVC_NEW_ID_Added -> 2471 atoms generated in PDB format
